---
source: ministr-tui/tests/snapshot.rs
expression: "render(&mut app, 120, 36)"
---
"  ministr                                                                                             engine ● running  "
"  ╭──────────────────────────────────────────────────────────────────────────────────────────────────────────────────╮  "
"  │ cohaero                                                                                                          │  "
"  │                                                                                                                  │  "
"  │ paths                                                                                                            │  "
"  │   /Users/alrik/Code/cohaero                                                                                      │  "
"  │   /Users/alrik/Code/cohaero-content                                                                              │  "
"  │                                                                                                                  │  "
"  │ standing      updating 43%                                                                                       │  "
"  │               ██████████▍                                                                                        │  "
"  │ files         1204                                                                                               │  "
"  │ sections      5210                                                                                               │  "
"  │ symbols       903                                                                                                │  "
"  │ last built    4 minutes ago                                                                                      │  "
"  │ on disk       1.2 GB                                                                                             │  "
"  │                                                                                                                  │  "
"  │                                                                                                                  │  "
"  │                                                                                                                  │  "
"  │                                                                                                                  │  "
"  │                                                                                                                  │  "
"  │                                                                                                                  │  "
"  │                                                                                                                  │  "
"  │                                                                                                                  │  "
"  │                                                                                                                  │  "
"  │                                                                                                                  │  "
"  │                                                                                                                  │  "
"  │                                                                                                                  │  "
"  │                                                                                                                  │  "
"  │                                                                                                                  │  "
"  │                                                                                                                  │  "
"  │                                                                                                                  │  "
"  │                                                                                                                  │  "
"  │                                                                                                                  │  "
"  │                                                                                                                  │  "
"  ╰──────────────────────────────────────────────────────────────────────────────────────────────────────────────────╯  "
"  e edit paths   r rebuild   x remove   esc back   q quit                                                               "
