---
source: ministr-tui/tests/snapshot.rs
expression: "render_at(&mut app, 120, 36, t0)"
---
"  ministr                                                                                             engine ● running  "
"  ╭──────────────────────────────────────────────────────────────────────────────────────────────────────────────────╮  "
"  │ ministr                                                                                                          │  "
"  │                                                                                                                  │  "
"  │ paths                                                                                                            │  "
"  │   …                                                                                                              │  "
"  │                                                                                                                  │  "
"  │ standing      up to date                                                                                         │  "
"  │ files         812                                                                                                │  "
"  │                                                                                                                  │  "
"  │                                                                                                                  │  "
"  │                                                                                                                  │  "
"  │                                                                                                                  │  "
"  │                                                                                                                  │  "
"  │                                                                                                                  │  "
"  │                                                                                                                  │  "
"  │                                                                                                                  │  "
"  │                                                                                                                  │  "
"  │                                                                                                                  │  "
"  │                                                                                                                  │  "
"  │                                                                                                                  │  "
"  │                                                                                                                  │  "
"  │                                                                                                                  │  "
"  │                                                                                                                  │  "
"  │                                                                                                                  │  "
"  │                                                                                                                  │  "
"  │                                                                                                                  │  "
"  │                                                                                                                  │  "
"  │                                                                                                                  │  "
"  │                                                                                                                  │  "
"  │                                                                                                                  │  "
"  │                                                                                                                  │  "
"  │                                                                                                                  │  "
"  │                                                                                                                  │  "
"  ╰──────────────────────────────────────────────────────────────────────────────────────────────────────────────────╯  "
"  e edit paths   r rebuild   x remove   esc back   q quit                                                               "
