---
source: ministr-tui/tests/snapshot.rs
expression: "render(&app, 60, 20)"
---
"  ministr                               engine ○ starting…  "
"                                                            "
"                                                            "
"                                                            "
"                                                            "
"                                                            "
"                                                            "
"                                                            "
"                                                            "
"                                                            "
"                                                            "
"                                                            "
"                                                            "
"                                                            "
"                                                            "
"                                                            "
"                                                            "
"                                                            "
"                                                            "
"  q quit                                                    "
