---
source: ministr-tui/tests/snapshot.rs
expression: "render(&mut app, 120, 36)"
---
"  ministr                                                                                             engine ● running  "
"  ╭──────────────────────╮  ╭──────────────────────╮  ╭──────────────────────╮                ╭──────────────────────╮  "
"  │ ministr              │  │ cohaero              │  │ tock                 │                │ engine               │  "
"  │                      │  │                      │  │                      │                │ ● running            │  "
"  │                      │  │                      │  │                      │                │ version 0.7.0        │  "
"  │                      │  │                      │  │                      │                │ 3 projects           │  "
"  │                      │  │                      │  │                      │                ╰──────────────────────╯  "
"  │                      │  │                      │  │                      │                                          "
"  │                      │  │                      │  │                      │                                          "
"  │                      │  │                      │  │                      │                                          "
"  │                      │  │                      │  │                      │                                          "
"  │                      │  │                      │  │                      │                                          "
"  │                      │  │                      │  │                      │                                          "
"  │                      │  │                      │  │                      │                                          "
"  │                      │  │                      │  │                      │                                          "
"  │                      │  │                      │  │                      │                                          "
"  │                      │  │                      │  │                      │                                          "
"  │                      │  │                      │  │                      │                                          "
"  │                      │  │                      │  │                      │                                          "
"  │                      │  │                      │  │                      │                                          "
"  │                      │  │                      │  │                      │                                          "
"  │                      │  │                      │  │                      │                                          "
"  │                      │  │                      │  │                      │                                          "
"  │                      │  │                      │  │                      │                                          "
"  │                      │  │                      │  │                      │                                          "
"  │                      │  │                      │  │                      │                                          "
"  │                      │  │                      │  │                      │                                          "
"  │                      │  │                      │  │                      │                                          "
"  │                      │  │                      │  │                      │                                          "
"  │                      │  │                      │  │                      │                                          "
"  │                      │  │                      │  │                      │                                          "
"  │                      │  │ ███████▎             │  │                      │                                          "
"  │ waiting              │  │ warming up           │  │ failed               │                                          "
"  │ 812 files            │  │ 0 files              │  │ 97 files             │                                          "
"  ╰──────────────────────╯  ╰──────────────────────╯  ╰──────────────────────╯                                          "
"  ← → select   enter open   r rebuild   a add   x remove   q quit                                                       "
